// Jest Snapshot v1, https://goo.gl/fbAQLP

exports[`生成html注入script 添加script标签到head 1`] = `
"<!DOCTYPE html>
<html>
  <head>
    <meta http-equiv=\\"content-type\\" content=\\"text/html; charset=utf-8\\" />
    <meta name=\\"viewport\\" content=\\"width=device-width, initial-scale=1.0\\" />
    <meta name=\\"apple-mobile-web-app-capable\\" content=\\"yes\\" />
    <meta name=\\"apple-mobile-web-app-status-bar-style\\" content=\\"black\\" />
    <meta name=\\"format-detection\\" content=\\"telephone=no\\" />
    <meta http-equiv=\\"X-UA-Compatible\\" content=\\"IE=edge,chrome=1\\" />
    <meta name=\\"renderer\\" content=\\"webkit\\" />
    <meta name=\\"force-rendering\\" content=\\"webkit\\" />
  <script src=\\"http://unpkg.jd.com/lodash@4.17.20/lodash.js\\" type=\\"module\\"></script></head>
  <body>
  <script src=\\"main.js\\"></script></body>
</html>
"
`;
